BEGIN:VTIMEZONE
TZID:Europe/Brussels
TZURL:https://spatie.be
LAST-MODIFIED;TZID=UTC:20200516T100000
BEGIN:STANDARD
DTSTART:20200516T120000
TZOFFSETFROM:+00:00
TZOFFSETTO:+02:00
END:STANDARD
END:VTIMEZONE